7.000000
5.900000
4.800000
3.700000
2.600000
7.000000
